// Jest Snapshot v1, https://goo.gl/fbAQLP

exports[`Grammar Rules Compliance Stack parsing rules VmParsedStack with complex types 2 1`] = `
{
  "$": "VmParsedStack",
  "values": [
    {
      "$": "VmStackValue",
      "value": {
        "$": "Integer",
        "value": {
          "op": undefined,
          "value": "163613525018",
        },
      },
    },
    {
      "$": "VmStackValue",
      "value": {
        "$": "Integer",
        "value": {
          "op": undefined,
          "value": "0",
        },
      },
    },
    {
      "$": "VmStackValue",
      "value": {
        "$": "Cell",
        "value": "B5EE9C72010232010002200001DD880100024AC57E0F8D9E1198A9F947061ACEA8AE8D056AC8E185E23049670F4F6396000E1027C7AB85EBDEFF36322CF89905A64762DA99FA1014DEAF4065E7FD17730B424A0AD6492B729326938F81B89DDCA402851CF427AD2B8F308066EBE25C1012F3FC951B41C4D1380000000401024BA476C3FF447BA631C5520DC59C78171343362F8486368CEB6D197F29E530B3E2EE6B2800007002030201200405000002037BA006070201200C0D0013AD9A741281DCD6539DC002012008090201200A0B0012AA11542503B9ACA1DD0011A852184A07735943F90011A83A604A07735942410201200E0F0202702C2D02012010110201201E1F020148121302014818190013AD9A741281DCD650B240020120141502012016170012AA11542503B9ACA1160011A852184A077359487D0011A83A604A07735940BD0013AD9A741281DCD68D28C00201201A1B0201201C1D0012AA11542503B9ACA78E0011A852184A07735941F30011A83A604A0773594195020148202102014826270013AD9A741281DCD652CEC0020120222302012024250012AA11542503B9ACA36C0011A852184A07735940BF0011A83A604A077359413D0013AD9A741281DCD6510BC002012028290201202A2B0012AA11542503B9ACBC310011A852184A07735948110011A83A604A07735948390013AD9A741281DCD650B2C00201202E2F02012030310012AA11542503B9ACA3510011A852184A07735940C10011A83A604A0773594FAB",
      },
    },
    {
      "$": "VmStackValue",
      "value": {
        "$": "CellSlice",
        "body": {
          "value": "B5EE9C72010232010001FD00019801C204F8F570BD7BDFE6C6459F1320B4C8EC5B533F42029BD5E80CBCFFA2EE616849415AC9256E5264D271F03713BB948050A39E84F5A571E6100CDD7C4B82025E7F92A368389A270000000001024BA476C3FF447BA631C5520DC59C78171343362F8486368CEB6D197F29E530B3E2EE6B2800007002030201200405000002037BA006070201200C0D0013AD9A741281DCD6539DC002012008090201200A0B0012AA11542503B9ACA1DD0011A852184A07735943F90011A83A604A07735942410201200E0F0202702C2D02012010110201201E1F020148121302014818190013AD9A741281DCD650B240020120141502012016170012AA11542503B9ACA1160011A852184A077359487D0011A83A604A07735940BD0013AD9A741281DCD68D28C00201201A1B0201201C1D0012AA11542503B9ACA78E0011A852184A07735941F30011A83A604A0773594195020148202102014826270013AD9A741281DCD652CEC0020120222302012024250012AA11542503B9ACA36C0011A852184A07735940BF0011A83A604A077359413D0013AD9A741281DCD6510BC002012028290201202A2B0012AA11542503B9ACBC310011A852184A07735948110011A83A604A07735948390013AD9A741281DCD650B2C00201202E2F02012030310012AA11542503B9ACA3510011A852184A07735940C10011A83A604A0773594FAB",
        },
      },
    },
    {
      "$": "VmStackValue",
      "value": {
        "$": "Integer",
        "value": {
          "op": "-",
          "value": "1",
        },
      },
    },
  ],
}
`;
